//////////////////////////////////////////////////////////////////////////////////////////////////////////////////////////////////////////////////////////////////////////////////////////////////////////////////////////////////////////////////////////////////////////////////
///////       Name: Naga Sri Rama Yashwanth Thota                   //////////////////////////////////////////////////////////////////////////////////////////////////////////////////////////////////////////////////////////////////////////////////////////////////////////////
///////       UTAID:1001507395                                      //////////////////////////////////////////////////////////////////////////////////////////////////////////////////////////////////////////////////////////////////////////////////////////////////////////////
//////////////////////////////////////////////////////////////////////////////////////////////////////////////////////////////////////////////////////////////////////////////////////////////////////////////////////////////////////////////////////////////////////////////////
//////////////////////////////////////////////////////////////////////////////////////////////////////////////////////////////////////////////////////////////////////////////////////////////////////////////////////////////////////////////////////////////////////////////////
///////       3.)update Queries                                     //////////////////////////////////////////////////////////////////////////////////////////////////////////////////////////////////////////////////////////////////////////////////////////////////////////////
///////                                                             //////////////////////////////////////////////////////////////////////////////////////////////////////////////////////////////////////////////////////////////////////////////////////////////////////////////
//////////////////////////////////////////////////////////////////////////////////////////////////////////////////////////////////////////////////////////////////////////////////////////////////////////////////////////////////////////////////////////////////////////////////



//////////////////////////////////////////////////////////////////////////////////////////////////////////////////////////////////////////////////////////////////////////////////////////////////////////////////////////////////////////////////////////////////////////////////
1. Insert a record ('Services', 1, '123456789', '11-AUG-2012') into DEPARTMENT.

mysql> insert into department values('Services', 1, '123456789', '2012-08-11');
ERROR 1062 (23000): Duplicate entry '1' for key 'PRIMARY'


mysql> select * from department;
+----------------+---------+-----------+----------------+
| dname          | dnumber | Mgr_Ssn   | Mgr_start_date |
+----------------+---------+-----------+----------------+
| Headquarters   |       1 | 888665555 | 1971-06-19     |    <-----------
| Networking     |       3 | 110110110 | 2009-05-15     |
| Administration |       4 | 987654321 | 1985-01-01     |
| Research       |       5 | 333445555 | 1978-05-22     |
| Software       |       6 | 111111100 | 1999-05-15     |
| Hardware       |       7 | 444444400 | 1998-05-15     |
| Sales          |       8 | 555555500 | 1997-01-01     |
| HR             |       9 | 112244668 | 1989-02-01     |
| QA             |      11 | 913323708 | 2010-02-02     |
+----------------+---------+-----------+----------------+   
9 rows in set (0.00 sec)

Note:- Entity Integrity Constraint Failure because the primary key should'nt have duplicate values.
//////////////////////////////////////////////////////////////////////////////////////////////////////////////////////////////////////////////////////////////////////////////////////////////////////////////////////////////////////////////////////////////////////////////////
2. Insert a record ('Purchasing', 3, '990110110', '02-FEB-2013') into DEPARTMENT.

mysql> insert into department values('Purchasing', 3, '990110110', '2013-02-02');
ERROR 1062 (23000): Duplicate entry '3' for key 'PRIMARY'

mysql> select * from department;
+----------------+---------+-----------+----------------+
| dname          | dnumber | Mgr_Ssn   | Mgr_start_date |
+----------------+---------+-----------+----------------+
| Headquarters   |       1 | 888665555 | 1971-06-19     |    
| Networking     |       3 | 110110110 | 2009-05-15     |     <-----------
| Administration |       4 | 987654321 | 1985-01-01     | 
| Research       |       5 | 333445555 | 1978-05-22     |
| Software       |       6 | 111111100 | 1999-05-15     |
| Hardware       |       7 | 444444400 | 1998-05-15     |
| Sales          |       8 | 555555500 | 1997-01-01     |
| HR             |       9 | 112244668 | 1989-02-01     |
| QA             |      11 | 913323708 | 2010-02-02     |
+----------------+---------+-----------+----------------+   
9 rows in set (0.00 sec)

Note:- Entity Integrity Constraint Failure because the primary key should'nt have duplicate values.
//////////////////////////////////////////////////////////////////////////////////////////////////////////////////////////////////////////////////////////////////////////////////////////////////////////////////////////////////////////////////////////////////////////////////
3. Insert a record ('Customers', 12, '333445555', '14-JAN-2013') into DEPARTMENT.

mysql> select * from department;
+----------------+---------+-----------+----------------+
| dname          | dnumber | Mgr_Ssn   | Mgr_start_date |
+----------------+---------+-----------+----------------+
| Headquarters   |       1 | 888665555 | 1971-06-19     |
| Networking     |       3 | 110110110 | 2009-05-15     |
| Administration |       4 | 987654321 | 1985-01-01     |
| Research       |       5 | 333445555 | 1978-05-22     |
| Software       |       6 | 111111100 | 1999-05-15     |
| Hardware       |       7 | 444444400 | 1998-05-15     |
| Sales          |       8 | 555555500 | 1997-01-01     |
| HR             |       9 | 112244668 | 1989-02-01     |
| QA             |      11 | 913323708 | 2010-02-02     |
+----------------+---------+-----------+----------------+   <-----------
9 rows in set (0.00 sec)

mysql> insert into department values('Customers', 12, '333445555', '2013-01-14');
Query OK, 1 row affected (0.05 sec)

mysql> select * from department;
+----------------+---------+-----------+----------------+
| dname          | dnumber | Mgr_Ssn   | Mgr_start_date |
+----------------+---------+-----------+----------------+
| Headquarters   |       1 | 888665555 | 1971-06-19     |
| Networking     |       3 | 110110110 | 2009-05-15     |
| Administration |       4 | 987654321 | 1985-01-01     |
| Research       |       5 | 333445555 | 1978-05-22     |
| Software       |       6 | 111111100 | 1999-05-15     |
| Hardware       |       7 | 444444400 | 1998-05-15     |
| Sales          |       8 | 555555500 | 1997-01-01     |
| HR             |       9 | 112244668 | 1989-02-01     |
| QA             |      11 | 913323708 | 2010-02-02     |
| Customers      |      12 | 333445555 | 2013-01-14     |   <-----------
+----------------+---------+-----------+----------------+
10 rows in set (0.00 sec)
//////////////////////////////////////////////////////////////////////////////////////////////////////////////////////////////////////////////////////////////////////////////////////////////////////////////////////////////////////////////////////////////////////////////////
4. Update the Dnumber of the DEP_LOCATIONS record with Dlocation='Seattle' to 9

mysql> select * from dept_locations;
+---------+----------------+
| dnumber | dlocation      |
+---------+----------------+
|       1 | 'Houston'      |
|       4 | 'Stafford'     |
|       5 | 'Bellaire'     |
|       5 | 'Houston'      |
|       5 | 'Sugarland'    |
|       6 | 'Atlanta'      |
|       6 | 'Sacramento'   |
|       7 | 'Milwaukee'    |
|       8 | 'Chicago'      |
|       8 | 'Dallas'       |
|       8 | 'Miami'        |
|       8 | 'Philadephia'  |
|       8 | 'Seattle'      |
|       9 | 'Arlington'    |  <-----------
|      11 | 'Austin'       |
+---------+----------------+
15 rows in set (0.00 sec)

mysql> update dept_locations set dlocation='Seattle' where dnumber=9;
Query OK, 1 row affected (0.14 sec)
Rows matched: 1  Changed: 1  Warnings: 0

mysql> select * from dept_locations;
+---------+----------------+
| dnumber | dlocation      |
+---------+----------------+
|       1 | 'Houston'      |
|       4 | 'Stafford'     |
|       5 | 'Bellaire'     |
|       5 | 'Houston'      |
|       5 | 'Sugarland'    |
|       6 | 'Atlanta'      |
|       6 | 'Sacramento'   |
|       7 | 'Milwaukee'    |
|       8 | 'Chicago'      |
|       8 | 'Dallas'       |
|       8 | 'Miami'        |
|       8 | 'Philadephia'  |
|       8 | 'Seattle'      |
|       9 | 'Seattle'      |  <-----------
|      11 | 'Austin'       |
+---------+----------------+
15 rows in set (0.00 sec)
//////////////////////////////////////////////////////////////////////////////////////////////////////////////////////////////////////////////////////////////////////////////////////////////////////////////////////////////////////////////////////////////////////////////////
5. Update the Salary of the EMPLOYEE record with SSN=444444444 to 55000.

mysql> update employee set salary=55000 where ssn='444444444';
Query OK, 0 rows affected (0.00 sec)
Rows matched: 0  Changed: 0  Warnings: 0

mysql> select ssn from employee order by ssn;
+-----------+
| ssn       |
+-----------+
| 001614905 |
| 101248268 |
| 110110110 |
| 111111100 |
| 111111101 |
| 111111102 |
| 111111103 |
| 111422203 |
| 112244668 |
| 122344668 |
| 123456789 |
| 202843824 |
| 214370999 |
| 222222200 |
| 222222201 |
| 222222202 |
| 222222203 |
| 222222204 |
| 222222205 |
| 222333444 |
| 223344667 |
| 234234234 |
| 241625699 |
| 242535609 |
| 242916639 |
| 245239264 |
| 254937381 |
| 292740167 |
| 333333300 |
| 333333301 |
| 333445555 |
| 343434344 |
| 349273344 |
| 398172999 |
| 432765098 |
| 444212096 |
| 444222666 |
| 444444400 |
| 444444401 |
| 444444402 |
| 444444403 |   <----------------
                 NO '444444444'
| 453453453 |   <----------------
| 555555500 |
| 555555501 |
| 614370310 |
| 636669233 |
| 666666600 |
| 666666601 |
| 666666602 |
| 666666603 |
| 666666604 |
| 666666605 |
| 666666606 |
| 666666607 |
| 666666608 |
| 666666609 |
| 666666610 |
| 666666611 |
| 666666612 |
| 666666613 |
| 666884444 |
| 673466642 |
| 849934919 |
| 888665555 |
| 906218888 |
| 913323708 |
| 913353347 |
| 987654321 |
| 987987987 |
| 999887777 |
| 999999999 |
+-----------+
71 rows in set (0.00 sec)

Note:- There is no record with SSN='4444444444'.So, no record is updated. Finally, the no constraint failure.
//////////////////////////////////////////////////////////////////////////////////////////////////////////////////////////////////////////////////////////////////////////////////////////////////////////////////////////////////////////////////////////////////////////////////
6. Insert a record ('Jane', 'B', 'Smith', '666666606', '01-MAR-1980', '3556 W Second Street,Miami,FL', 'F', 85000, '666666603', 5) into EMPLOYEE.

mysql> insert into employee values('Jane', 'B', 'Smith', '666666606', '1980-03-01', '3556 W Second Street,Miami,FL', 'F', 85000, '666666603', 5);
ERROR 1062 (23000): Duplicate entry '666666606' for key 'PRIMARY'

Note:-Entity Integrity Constraint Failure because the primary key should'nt have duplicate values.
//////////////////////////////////////////////////////////////////////////////////////////////////////////////////////////////////////////////////////////////////////////////////////////////////////////////////////////////////////////////////////////////////////////////////
7. Update the hours of the WORKS_ON record with Pno=1 for the employee with SSN='666884444' to 25.

mysql> update works_on set hours=25 where essn='666884444' and pno=1;
Query OK, 0 rows affected (0.00 sec)
Rows matched: 0  Changed: 0  Warnings: 0

mysql> select * from works_on order by pno;
+-----------+-----+-------+
| Essn      | pno | hours |
+-----------+-----+-------+
| 123456789 |   1 |  32.5 |-----
| 292740167 |   1 |  25.0 |    |-------> There is no essn with 
| 999999999 |   1 |   2.0 |    |-------> pno=1
| 453453453 |   1 |  20.0 |-----
| 453453453 |   2 |  20.0 |
| 123456789 |   2 |   7.5 |
| 333445555 |   2 |  10.0 |
| 999999999 |   2 |   2.0 |
| 122344668 |   3 |  10.0 |
| 999999999 |   3 |   4.0 |
| 333445555 |   3 |  10.0 |
| 666884444 |   3 |  40.0 |
| 614370310 |   3 |  45.0 |
| 242916639 |   4 |   5.0 |
| 111422203 |   4 |  45.0 |
| 636669233 |   4 |  11.0 |
| 245239264 |  10 |  25.0 |
| 999999999 |  10 |   4.0 |
| 214370999 |  10 |  35.0 |
| 333445555 |  10 |  10.0 |
| 999887777 |  10 |  10.0 |
| 987987987 |  10 |  35.0 |
| 242916639 |  11 |  20.0 |
| 245239264 |  11 |  25.0 |
| 202843824 |  11 |  20.0 |
| 001614905 |  13 |  18.0 |
| 987654321 |  20 |  15.0 |
| 122344668 |  20 |  10.0 |
| 999999999 |  20 |   4.0 |
| 333445555 |  20 |  10.0 |
| 888665555 |  20 |   5.0 |
| 673466642 |  22 |   4.0 |
| 913353347 |  22 |  30.0 |
| 101248268 |  29 |  10.0 |
| 906218888 |  29 |  15.0 |
| 349273344 |  29 |  15.0 |
| 122344668 |  30 |  25.0 |
| 987654321 |  30 |  20.0 |
| 987987987 |  30 |   5.0 |
| 999887777 |  30 |  30.0 |
| 999999999 |  30 |   4.0 |
| 111111100 |  61 |  40.0 |
| 111111101 |  61 |  40.0 |
| 111111102 |  61 |  40.0 |
| 111111103 |  61 |  40.0 |
| 666666610 |  61 |  40.0 |
| 241625699 |  61 |   4.0 |
| 666666613 |  61 |  30.0 |
| 666666612 |  61 |  40.0 |
| 666666607 |  61 |  40.0 |
| 666666611 |  61 |  40.0 |
| 999999999 |  61 |   4.0 |
| 242535609 |  62 |  20.0 |
| 444222666 |  62 |  25.0 |
| 666666608 |  62 |  40.0 |
| 222222203 |  62 |  40.0 |
| 222222200 |  62 |  40.0 |
| 222222202 |  62 |  40.0 |
| 222222204 |  62 |  40.0 |
| 222222205 |  62 |  40.0 |
| 666666613 |  62 |  10.0 |
| 222222201 |  62 |  48.0 |
| 999999999 |  62 |   4.0 |
| 444212096 |  63 |  25.0 |
| 432765098 |  63 |  25.0 |
| 343434344 |  63 |  40.0 |
| 223344667 |  63 |  20.0 |
| 333333301 |  63 |  46.0 |
| 333333300 |  63 |  40.0 |
| 666666613 |  63 |  10.0 |
| 666666609 |  63 |  40.0 |
| 999999999 |  63 |   4.0 |
| 242535609 |  70 |  20.0 |
| 254937381 |  70 |  40.0 |
| 398172999 |  70 |  10.0 |
| 999999999 |  70 |   2.0 |
| 444444402 |  91 |  40.0 |
| 444444403 |  91 |  40.0 |
| 666666601 |  91 |  40.0 |
| 444444401 |  91 |  40.0 |
| 222333444 |  91 |  10.0 |
| 444444400 |  91 |  40.0 |
| 666666603 |  91 |  40.0 |
| 666666604 |  91 |  40.0 |
| 666666606 |  91 |  40.0 |
| 999999999 |  91 |   2.0 |
| 555555500 |  92 |  40.0 |
| 913323708 |  92 |  33.0 |
| 666666605 |  92 |  40.0 |
| 555555501 |  92 |  44.0 |
| 999999999 |  92 |   1.0 |
| 234234234 |  95 |  35.0 |
| 112244668 |  95 |  40.0 |
| 849934919 |  95 |  23.0 |
| 999999999 |  95 |   3.0 |
+-----------+-----+-------+
95 rows in set (0.00 sec)


Note:- There is no record with pno=1 for essn='666884444'.So, no record is updated. Finally, the no constraint failure.
//////////////////////////////////////////////////////////////////////////////////////////////////////////////////////////////////////////////////////////////////////////////////////////////////////////////////////////////////////////////////////////////////////////////////
8. Delete the EMPLOYEE record with Ssn= '432765098'.

mysql> delete from employee where ssn='432765098';
ERROR 1451 (23000): Cannot delete or update a parent row: a foreign key constraint fails (`company`.`works_on`, CONSTRAINT `FK_works_onemployeessn` FOREIGN KEY (`essn`) REFERENCES `employee` (`ssn`))

Note:-"Referential Integrity Constraint Failure" because there is a reference between company and works_on which gets affected by this update operation.
//////////////////////////////////////////////////////////////////////////////////////////////////////////////////////////////////////////////////////////////////////////////////////////////////////////////////////////////////////////////////////////////////////////////////
9. Delete the DEPARTMENT record with DNUMBER = 9.

mysql> delete from department where dnumber=9;
ERROR 1451 (23000): Cannot delete or update a parent row: a foreign key constraint fails (`company`.`dept_locations`, CONSTRAINT `FK_dept_locationsdepartmentdno` FOREIGN KEY (`dnumber`) REFERENCES `department` (`dnumber`))

Note:-"Referential Integrity Constraint Failure" because there is a reference between company and dept_locations which gets affected by this update operation.
//////////////////////////////////////////////////////////////////////////////////////////////////////////////////////////////////////////////////////////////////////////////////////////////////////////////////////////////////////////////////////////////////////////////////


